<area shape="rect" href="$classorg_1_1dykman_1_1dexter_1_1base_1_1XSLTDocSequencer.html#ee2848e0c9d763780da5f012920529d7" title="org.dykman.dexter.base.XSLTDocSequencer.createStub" alt="" coords="529,5,953,32">
<area shape="rect" href="$classorg_1_1dykman_1_1dexter_1_1base_1_1BaseTransformSequencer.html#937379e115c1386d52ccb08ccf6a6f23" title="org.dykman.dexter.base.BaseTransformSequencer.getLastToken" alt="" coords="499,56,984,83">
<area shape="rect" href="$classorg_1_1dykman_1_1dexter_1_1base_1_1BaseTransformSequencer.html#8f7a45fe0ed3965331652a673304ae06" title="org.dykman.dexter.base.BaseTransformSequencer.translateXSLPath" alt="" coords="485,107,997,133">
<area shape="rect" href="$interfaceorg_1_1dykman_1_1dexter_1_1base_1_1PathFunction.html#f21e7d1f725e0daf064300c0bd3c733a" title="org.dykman.dexter.base.PathFunction.apply" alt="" coords="1143,81,1479,108">
<area shape="rect" href="$classorg_1_1dykman_1_1dexter_1_1base_1_1BaseTransformSequencer.html#b92f3ede71470e51ad1f4e2148a45c60" title="org.dykman.dexter.base.BaseTransformSequencer.createPathFunction" alt="" coords="1047,132,1575,159">
<area shape="rect" href="$classorg_1_1dykman_1_1dexter_1_1Dexter.html#43050d0158edd1b6d068d6801f908e08" title="org.dykman.dexter.Dexter.getModules" alt="" coords="1680,107,1976,133">
<area shape="rect" href="$interfaceorg_1_1dykman_1_1dexter_1_1base_1_1PropertyResolver.html#3de06537c866ffc0907c7be72b56acaf" title="org.dykman.dexter.base.PropertyResolver.getProperty" alt="" coords="1624,157,2032,184">
