<area shape="rect" href="$classorg_1_1dykman_1_1dexter_1_1descriptor_1_1MetaDescriptor.html#68f1342075191ad051a4d5fcea6776b3" title="org.dykman.dexter.descriptor.MetaDescriptor.getMeta" alt="" coords="623,5,1031,32">
<area shape="rect" href="$classorg_1_1dykman_1_1dexter_1_1descriptor_1_1PathDescriptor.html#ffb12d1a5881d4ea76ff77687e16a43c" title="org.dykman.dexter.descriptor.PathDescriptor.getTests" alt="" coords="625,56,1028,83">
<area shape="rect" href="$classorg_1_1dykman_1_1dexter_1_1descriptor_1_1PathDescriptor.html#6102b04397f656c7b4a2d261ade95426" title="org.dykman.dexter.descriptor.PathDescriptor.nextOf" alt="" coords="631,107,1023,133">
<area shape="rect" href="$classorg_1_1dykman_1_1dexter_1_1descriptor_1_1PathDescriptor.html#5982eaa108e9b627e3080b32cca015e2" title="org.dykman.dexter.descriptor.PathDescriptor.valueTemplateParams" alt="" coords="575,157,1079,184">
<area shape="rect" href="$classorg_1_1dykman_1_1dexter_1_1descriptor_1_1MetaDescriptor.html#ea71595373377e3d820f40761c50ceb5" title="org.dykman.dexter.descriptor.MetaDescriptor.end" alt="" coords="1128,157,1504,184">
<area shape="rect" href="$interfaceorg_1_1dykman_1_1dexter_1_1base_1_1TransformSequencer.html#ddd89771b0720d2597af9a9e3b034e9c" title="org.dykman.dexter.base.TransformSequencer.setMeta" alt="" coords="1553,157,1964,184">
