<area shape="rect" href="$classorg_1_1dykman_1_1dexter_1_1base_1_1XSLTDocSequencer.html#13b2ceaa0aa9c2f331edb83b90868ebe" title="org.dykman.dexter.base.XSLTDocSequencer.copyChildren" alt="" coords="600,5,1040,32">
<area shape="rect" href="$classorg_1_1dykman_1_1dexter_1_1base_1_1BaseTransformSequencer.html#1b77730267094540703edd64a43f00c8" title="org.dykman.dexter.base.BaseTransformSequencer.generateXSLTest" alt="" coords="565,56,1075,83">
<area shape="rect" href="$classorg_1_1dykman_1_1dexter_1_1base_1_1XSLTDocSequencer.html#74eff40f6f7dfcb76c14bae7494a6283" title="org.dykman.dexter.base.XSLTDocSequencer.mapAttribute" alt="" coords="600,107,1040,133">
<area shape="rect" href="$classorg_1_1dykman_1_1dexter_1_1base_1_1XSLTDocSequencer.html#7188f8ff206c741538f72ffb7ed1c630" title="org.dykman.dexter.base.XSLTDocSequencer.mapNode" alt="" coords="612,157,1028,184">
<area shape="rect" href="$classorg_1_1dykman_1_1dexter_1_1base_1_1XSLTDocSequencer.html#92e16bd18725cdcbdf2a73ae26b523a2" title="org.dykman.dexter.base.XSLTDocSequencer.startIterator" alt="" coords="605,208,1035,235">
<area shape="rect" href="$classorg_1_1dykman_1_1dexter_1_1base_1_1XSLTDocSequencer.html#80fd27d04a174e66c1a244b700d32d8f" title="org.dykman.dexter.base.XSLTDocSequencer.startSubdoc" alt="" coords="605,259,1035,285">
