<area shape="rect" href="$classorg_1_1dykman_1_1dexter_1_1descriptor_1_1PathDescriptor.html#34a1488068f12460679a6ab1d64a29f3" title="org.dykman.dexter.descriptor.PathDescriptor.setIteratorContext" alt="" coords="460,5,935,32">
<area shape="rect" href="$classorg_1_1dykman_1_1dexter_1_1descriptor_1_1PathDescriptor.html#454737aea78a536daefbe9991e126953" title="org.dykman.dexter.descriptor.PathDescriptor.setPath" alt="" coords="499,56,896,83">
<area shape="rect" href="$classorg_1_1dykman_1_1dexter_1_1dexterity_1_1SubdocDescriptor.html#0124bd6e1d17ee03d1bf929c1e017d7c" title="org.dykman.dexter.dexterity.SubdocDescriptor.beforeNode" alt="" coords="984,56,1429,83">
<area shape="rect" href="$classorg_1_1dykman_1_1dexter_1_1dexterity_1_1SelectDescriptor.html#1debcb3a5f5e29e0546b89a2a66dabc9" title="org.dykman.dexter.dexterity.SelectDescriptor.beforeNode" alt="" coords="989,5,1424,32">
<area shape="rect" href="$classorg_1_1dykman_1_1dexter_1_1dexterity_1_1EnvDescriptor.html#b5f44ff1d0042b138c3feb35d318ef26" title="org.dykman.dexter.dexterity.EnvDescriptor.start" alt="" coords="1027,107,1387,133">
