<area shape="rect" href="$classorg_1_1dykman_1_1dexter_1_1base_1_1XSLTDocSequencer.html#069c401335162fd5682be0279f67745d" title="org.dykman.dexter.base.XSLTDocSequencer.getDocuments" alt="" coords="396,31,847,57">
<area shape="rect" href="$classorg_1_1dykman_1_1dexter_1_1Dexter.html#53eac58033a53b21978189ed55cb1955" title="org.dykman.dexter.Dexter.marshall" alt="" coords="484,81,759,108">
<area shape="rect" href="$classorg_1_1dykman_1_1dexter_1_1base_1_1BaseTransformSequencer.html#0bb8dc6f057d647b3be3cd92fceb3e84" title="org.dykman.dexter.base.BaseTransformSequencer.runDescriptor" alt="" coords="379,132,864,159">
<area shape="rect" href="$classorg_1_1dykman_1_1dexter_1_1Dexter.html#ad66ebb66a8d7d15c925b0f66eacebc2" title="org.dykman.dexter.Dexter.scanDocument" alt="" coords="461,183,781,209">
<area shape="rect" href="$classorg_1_1dykman_1_1dexter_1_1base_1_1XSLTDocSequencer.html#f55c91042017000763ba54db6c3e8189" title="org.dykman.dexter.base.XSLTDocSequencer.setDexterNamespaces" alt="" coords="368,233,875,260">
<area shape="rect" href="$classorg_1_1dykman_1_1dexter_1_1base_1_1XSLTDocSequencer.html#491cde3dd2cd18bbddff8a85c792e378" title="org.dykman.dexter.base.XSLTDocSequencer.setIdNames" alt="" coords="407,284,836,311">
<area shape="rect" href="$classorg_1_1dykman_1_1dexter_1_1base_1_1XSLTDocSequencer.html#8891d5bddce815a8de98422870699c4f" title="org.dykman.dexter.base.XSLTDocSequencer.setIndent" alt="" coords="416,335,827,361">
<area shape="rect" href="$classorg_1_1dykman_1_1dexter_1_1base_1_1XSLTDocSequencer.html#0a97fca61ff9558fd68b0522601949ff" title="org.dykman.dexter.base.XSLTDocSequencer.setMediaType" alt="" coords="400,385,843,412">
<area shape="rect" href="$classorg_1_1dykman_1_1dexter_1_1base_1_1XSLTDocSequencer.html#3f972728ab33528641d8884fa3f55ce8" title="org.dykman.dexter.base.XSLTDocSequencer.setMethod" alt="" coords="412,436,831,463">
<area shape="rect" href="$interfaceorg_1_1dykman_1_1dexter_1_1descriptor_1_1Descriptor.html#ba19494842ca7bbf4b43c065c6411b03" title="org.dykman.dexter.descriptor.Descriptor.appendChild" alt="" coords="963,5,1368,32">
<area shape="rect" href="$interfaceorg_1_1dykman_1_1dexter_1_1descriptor_1_1Descriptor.html#21c1b8f2661f1340b5b2c725f91dd135" title="org.dykman.dexter.descriptor.Descriptor.attributes" alt="" coords="975,56,1356,83">
<area shape="rect" href="$interfaceorg_1_1dykman_1_1dexter_1_1descriptor_1_1Descriptor.html#d28ea66582d27d512a46a511e67a45ca" title="org.dykman.dexter.descriptor.Descriptor.children" alt="" coords="980,107,1351,133">
<area shape="rect" href="$interfaceorg_1_1dykman_1_1dexter_1_1descriptor_1_1Descriptor.html#557acfef9115112bdcc6b9aa8d4f9ed5" title="org.dykman.dexter.descriptor.Descriptor.end" alt="" coords="996,157,1335,184">
<area shape="rect" href="$interfaceorg_1_1dykman_1_1dexter_1_1descriptor_1_1Descriptor.html#bf5b7a1f3930e595d15d54e40ea586fe" title="org.dykman.dexter.descriptor.Descriptor.setTransformSequencer" alt="" coords="923,208,1408,235">
<area shape="rect" href="$interfaceorg_1_1dykman_1_1dexter_1_1descriptor_1_1Descriptor.html#78516dc451701ac0a088b5f7b3028464" title="org.dykman.dexter.descriptor.Descriptor.start" alt="" coords="993,259,1337,285">
