<area shape="rect" href="$classorg_1_1dykman_1_1dexter_1_1descriptor_1_1PathDescriptor.html#5e4df73a23bcdeb47d51ce1a2b1f903b" title="org.dykman.dexter.descriptor.PathDescriptor.dequalify" alt="" coords="487,5,897,32">
<area shape="rect" href="$classorg_1_1dykman_1_1dexter_1_1descriptor_1_1PathDescriptor.html#02f498fac7cfa98ec20eff58eaf63837" title="org.dykman.dexter.descriptor.PathDescriptor.getIteratorContext" alt="" coords="948,56,1425,83">
<area shape="rect" href="$classorg_1_1dykman_1_1dexter_1_1descriptor_1_1PathDescriptor.html#fe3bdf07996a357104df64f9611a3a22" title="org.dykman.dexter.descriptor.PathDescriptor.getPath" alt="" coords="987,107,1387,133">
<area shape="rect" href="$classorg_1_1dykman_1_1dexter_1_1descriptor_1_1PathDescriptor.html#d4e334942cf3a4e6b43f24b06e9aff8b" title="org.dykman.dexter.descriptor.PathDescriptor.mapPath" alt="" coords="488,157,896,184">
<area shape="rect" href="$classorg_1_1dykman_1_1dexter_1_1descriptor_1_1MetaDescriptor.html#68f1342075191ad051a4d5fcea6776b3" title="org.dykman.dexter.descriptor.MetaDescriptor.getMeta" alt="" coords="1475,81,1883,108">
