<area shape="rect" href="$classorg_1_1dykman_1_1dexter_1_1base_1_1BaseTransformSequencer.html" title="{org.dykman.dexter.base.BaseTransformSequencer\n|~ dexter\l# metaData\l# pathFunctions\l|+ BaseTransformSequencer()\l+ definePathFunction()\l+ setMeta()\l+ getMeta()\l+ runDescriptor()\l+ createPathFunction()\l+ translateXSLPath()\l# getLastToken()\l# generateXSLTest()\l# generateXSLTest()\l&#45; rawXSLPath()\l}" alt="" coords="5,572,392,863">
<area shape="rect" href="$interfaceorg_1_1dykman_1_1dexter_1_1base_1_1TransformSequencer.html" title="{org.dykman.dexter.base.TransformSequencer\n||+ setDocType()\l+ runDescriptor()\l+ getCurrentNode()\l+ getIdentityValueTemplate()\l+ translateXSLPath()\l+ setIdNames()\l+ textContainer()\l+ startNode()\l+ endNode()\l+ mapAttribute()\l+ mapNode()\l+ copyChildren()\l+ startSubdoc()\l+ endSubdoc()\l+ setAttribute()\l+ setIdentityAttribute()\l+ setMeta()\l+ getMeta()\l+ startIterator()\l+ endIterator()\l+ startCaseBlock()\l+ endCaseBlock()\l+ startCase()\l+ endCase()\l+ startTest()\l+ endTest()\l}" alt="" coords="23,5,375,523">
