<area shape="rect" href="$classorg_1_1dykman_1_1dexter_1_1Dexter.html#7b0ca612a82dee0b5f77ffa618ae0884" title="org.dykman.dexter.Dexter.compileNode" alt="" coords="405,107,715,133">
<area shape="rect" href="$classorg_1_1dykman_1_1dexter_1_1Dexter.html#9e2b50884e0980aa148b738a248dbef7" title="org.dykman.dexter.Dexter.scanForDescriptors" alt="" coords="764,107,1111,133">
<area shape="rect" href="$classorg_1_1dykman_1_1dexter_1_1Dexter.html#895e53a52141f41cd4ea0718b6186480" title="org.dykman.dexter.Dexter.createSpecifier" alt="" coords="1161,132,1481,159">
<area shape="rect" href="$classorg_1_1dykman_1_1dexter_1_1Dexter.html#4a33529a63f1d09d97549d260a423942" title="org.dykman.dexter.Dexter.addSpecifier" alt="" coords="1601,5,1903,32">
<area shape="rect" href="$classorg_1_1dykman_1_1dexter_1_1Dexter.html#fcd6b8e856f27f75a571de8468a5d0f0" title="org.dykman.dexter.Dexter.findContiguousSiblings" alt="" coords="1564,56,1940,83">
<area shape="rect" href="$classorg_1_1dykman_1_1dexter_1_1AbstractNodeSpecifier.html#c1e0b9c323f7c7a397be53d9eec90b5c" title="org.dykman.dexter.AbstractNodeSpecifier.setArg" alt="" coords="1568,107,1936,133">
<area shape="rect" href="$classorg_1_1dykman_1_1dexter_1_1BlockTransformSpecifier.html#4fffce9d209f380bc7656086af6f4f92" title="org.dykman.dexter.BlockTransformSpecifier.setArgs" alt="" coords="1557,157,1947,184">
<area shape="rect" href="$classorg_1_1dykman_1_1dexter_1_1TransformSpecifier.html#88002f8bc37f2e806d05067b1d91d6fd" title="org.dykman.dexter.TransformSpecifier.setDexter" alt="" coords="1568,208,1936,235">
<area shape="rect" href="$classorg_1_1dykman_1_1dexter_1_1TransformSpecifier.html#4cb7939c5415cb6568abe0533432190b" title="org.dykman.dexter.TransformSpecifier.setPropertyResolver" alt="" coords="1531,259,1973,285">
<area shape="rect" href="$classorg_1_1dykman_1_1dexter_1_1Dexter.html#b950e932c46c7cb09e8a89baf6113751" title="org.dykman.dexter.Dexter.reportInternalError" alt="" coords="2023,56,2367,83">
