<area shape="rect" href="$classorg_1_1dykman_1_1dexter_1_1descriptor_1_1BlockDescriptor.html" title="{org.dykman.dexter.descriptor.BlockDescriptor\n|# block\l# names\l# values\l# descriptors\l# properties\l|+ BlockDescriptor()\l+ setPropertyResolver()\l+ setArgs()\l+ attributes()\l+ end()\l+ start()\l+ appendChild()\l}" alt="" coords="1285,1076,1632,1332">
<area shape="rect" href="$classorg_1_1dykman_1_1dexter_1_1descriptor_1_1NodeTransformDescriptor.html" title="{org.dykman.dexter.descriptor.NodeTransformDescriptor\n|# element\l# name\l# value\l|+ NodeTransformDescriptor()\l+ setArgs()\l# normalizeWhitespace()\l}" alt="" coords="1816,1128,2237,1280">
<area shape="rect" href="$classorg_1_1dykman_1_1dexter_1_1descriptor_1_1TransformDescriptor.html" title="{org.dykman.dexter.descriptor.TransformDescriptor\n|# sequencer\l# inner\l# applyToChildren\l|+ TransformDescriptor()\l+ onScan()\l+ beforeNode()\l+ afterNode()\l+ getChildDescriptors()\l+ attributes()\l+ appendChild()\l+ start()\l+ children()\l+ end()\l+ setTransformSequencer()\l}" alt="" coords="1472,497,1853,788">
<area shape="rect" href="$classorg_1_1dykman_1_1dexter_1_1descriptor_1_1AbstractDescriptor.html" title="{org.dykman.dexter.descriptor.AbstractDescriptor\n|# children\l# sequencer\l# propertyResolver\l|+ AbstractDescriptor()\l+ setPropertyResolver()\l+ getChildDescriptors()\l+ appendChild()\l+ setTransformSequencer()\l}" alt="" coords="1479,260,1847,447">
<area shape="rect" href="$interfaceorg_1_1dykman_1_1dexter_1_1descriptor_1_1Descriptor.html" title="{org.dykman.dexter.descriptor.Descriptor\n||+ setTransformSequencer()\l+ getChildDescriptors()\l+ appendChild()\l+ setPropertyResolver()\l+ start()\l+ attributes()\l+ children()\l+ end()\l}" alt="" coords="1508,5,1817,211">
<area shape="rect" href="$classorg_1_1dykman_1_1dexter_1_1dexterity_1_1CaseDescriptor.html" title="{org.dykman.dexter.dexterity.CaseDescriptor\n||+ start()\l+ children()\l+ end()\l}" alt="" coords="1211,1469,1547,1587">
<area shape="rect" href="$classorg_1_1dykman_1_1dexter_1_1descriptor_1_1PathDescriptor.html" title="{org.dykman.dexter.descriptor.PathDescriptor\n||+ PathDescriptor()\l+ onScan()\l+ setPath()\l+ getIteratorContext()\l+ setIteratorContext()\l+ getPath()\l+ mapPaths()\l+ mapPath()\l+ nextOf()\l+ getPath()\l+ mapPaths()\l+ mapPath()\l+ dequalify()\l}" alt="" coords="1571,1383,1912,1673">
<area shape="rect" href="$classorg_1_1dykman_1_1dexter_1_1dexterity_1_1GhostDescriptor.html" title="{org.dykman.dexter.dexterity.GhostDescriptor\n||+ GhostDescriptor()\l+ start()\l+ attributes()\l+ end()\l}" alt="" coords="1936,1460,2277,1596">
<area shape="rect" href="$classorg_1_1dykman_1_1dexter_1_1dexterity_1_1NullDescriptor.html" title="{org.dykman.dexter.dexterity.NullDescriptor\n||+ NullDescriptor()\l+ start()\l+ attributes()\l+ children()\l+ end()\l}" alt="" coords="2301,1452,2629,1604">
<area shape="rect" href="$classorg_1_1dykman_1_1dexter_1_1dexterity_1_1CopyNodeDescriptor.html" title="{org.dykman.dexter.dexterity.CopyNodeDescriptor\n||+ CopyNodeDescriptor()\l+ children()\l}" alt="" coords="5,1732,381,1833">
<area shape="rect" href="$classorg_1_1dykman_1_1dexter_1_1dexterity_1_1EnvDescriptor.html" title="{org.dykman.dexter.dexterity.EnvDescriptor\n||+ EnvDescriptor()\l+ start()\l}" alt="" coords="405,1732,731,1833">
<area shape="rect" href="$classorg_1_1dykman_1_1dexter_1_1dexterity_1_1MapAttributeDescriptor.html" title="{org.dykman.dexter.dexterity.MapAttributeDescriptor\n||+ MapAttributeDescriptor()\l+ attributes()\l&#45; attributeTemplate()\l}" alt="" coords="755,1724,1149,1841">
<area shape="rect" href="$classorg_1_1dykman_1_1dexter_1_1dexterity_1_1MapNodeDescriptor.html" title="{org.dykman.dexter.dexterity.MapNodeDescriptor\n||+ MapNodeDescriptor()\l+ children()\l}" alt="" coords="1173,1732,1544,1833">
<area shape="rect" href="$classorg_1_1dykman_1_1dexter_1_1dexterity_1_1SelectDescriptor.html" title="{org.dykman.dexter.dexterity.SelectDescriptor\n||+ SelectDescriptor()\l+ beforeNode()\l+ afterNode()\l}" alt="" coords="1568,1724,1915,1841">
<area shape="rect" href="$classorg_1_1dykman_1_1dexter_1_1dexterity_1_1SubdocDescriptor.html" title="{org.dykman.dexter.dexterity.SubdocDescriptor\n|&#45; id\l|+ SubdocDescriptor()\l+ beforeNode()\l+ afterNode()\l}" alt="" coords="1939,1724,2293,1841">
<area shape="rect" href="$classorg_1_1dykman_1_1dexter_1_1dexterity_1_1TestDescriptor.html" title="{org.dykman.dexter.dexterity.TestDescriptor\n||+ TestDescriptor()\l+ beforeNode()\l+ afterNode()\l}" alt="" coords="2317,1724,2645,1841">
<area shape="rect" href="$classorg_1_1dykman_1_1dexter_1_1dexterity_1_1UniqAttrDescriptor.html" title="{org.dykman.dexter.dexterity.UniqAttrDescriptor\n||+ UniqAttrDescriptor()\l+ attributes()\l}" alt="" coords="2669,1732,3029,1833">
<area shape="rect" href="$classorg_1_1dykman_1_1dexter_1_1didi_1_1JSParamDescriptor.html" title="{org.dykman.dexter.didi.JSParamDescriptor\n||+ JSParamDescriptor()\l+ attributes()\l}" alt="" coords="3053,1732,3379,1833">
