<area shape="rect" href="$classorg_1_1dykman_1_1dexter_1_1dexterity_1_1CopyNodeDescriptor.html" title="{org.dykman.dexter.dexterity.CopyNodeDescriptor\n||+ CopyNodeDescriptor()\l+ children()\l}" alt="" coords="5,1628,381,1729">
<area shape="rect" href="$classorg_1_1dykman_1_1dexter_1_1dexterity_1_1EnvDescriptor.html" title="{org.dykman.dexter.dexterity.EnvDescriptor\n||+ EnvDescriptor()\l+ start()\l}" alt="" coords="405,1628,731,1729">
<area shape="rect" href="$classorg_1_1dykman_1_1dexter_1_1dexterity_1_1MapAttributeDescriptor.html" title="{org.dykman.dexter.dexterity.MapAttributeDescriptor\n||+ MapAttributeDescriptor()\l+ attributes()\l&#45; attributeTemplate()\l}" alt="" coords="755,1620,1149,1737">
<area shape="rect" href="$classorg_1_1dykman_1_1dexter_1_1dexterity_1_1MapNodeDescriptor.html" title="{org.dykman.dexter.dexterity.MapNodeDescriptor\n||+ MapNodeDescriptor()\l+ children()\l}" alt="" coords="1173,1628,1544,1729">
<area shape="rect" href="$classorg_1_1dykman_1_1dexter_1_1dexterity_1_1SelectDescriptor.html" title="{org.dykman.dexter.dexterity.SelectDescriptor\n||+ SelectDescriptor()\l+ beforeNode()\l+ afterNode()\l}" alt="" coords="1568,1620,1915,1737">
<area shape="rect" href="$classorg_1_1dykman_1_1dexter_1_1dexterity_1_1SubdocDescriptor.html" title="{org.dykman.dexter.dexterity.SubdocDescriptor\n|&#45; id\l|+ SubdocDescriptor()\l+ beforeNode()\l+ afterNode()\l}" alt="" coords="1939,1620,2293,1737">
<area shape="rect" href="$classorg_1_1dykman_1_1dexter_1_1dexterity_1_1TestDescriptor.html" title="{org.dykman.dexter.dexterity.TestDescriptor\n||+ TestDescriptor()\l+ beforeNode()\l+ afterNode()\l}" alt="" coords="2317,1620,2645,1737">
<area shape="rect" href="$classorg_1_1dykman_1_1dexter_1_1dexterity_1_1UniqAttrDescriptor.html" title="{org.dykman.dexter.dexterity.UniqAttrDescriptor\n||+ UniqAttrDescriptor()\l+ attributes()\l}" alt="" coords="2669,1628,3029,1729">
<area shape="rect" href="$classorg_1_1dykman_1_1dexter_1_1didi_1_1JSParamDescriptor.html" title="{org.dykman.dexter.didi.JSParamDescriptor\n||+ JSParamDescriptor()\l+ attributes()\l}" alt="" coords="3053,1628,3379,1729">
<area shape="rect" href="$classorg_1_1dykman_1_1dexter_1_1descriptor_1_1NodeTransformDescriptor.html" title="{org.dykman.dexter.descriptor.NodeTransformDescriptor\n|# element\l# name\l# value\l|+ NodeTransformDescriptor()\l+ setArgs()\l# normalizeWhitespace()\l}" alt="" coords="1531,1076,1952,1228">
<area shape="rect" href="$classorg_1_1dykman_1_1dexter_1_1descriptor_1_1MetaDescriptor.html" title="{org.dykman.dexter.descriptor.MetaDescriptor\n|&#45; meta\l&#45; NULL_STRING_TRIED\l|+ MetaDescriptor()\l+ end()\l+ getMeta()\l+ setMeta()\l# getMeta()\l# setMeta()\l}" alt="" coords="1569,839,1913,1025">
<area shape="rect" href="$classorg_1_1dykman_1_1dexter_1_1descriptor_1_1TransformDescriptor.html" title="{org.dykman.dexter.descriptor.TransformDescriptor\n|# sequencer\l# inner\l# applyToChildren\l|+ TransformDescriptor()\l+ onScan()\l+ beforeNode()\l+ afterNode()\l+ getChildDescriptors()\l+ attributes()\l+ appendChild()\l+ start()\l+ children()\l+ end()\l+ setTransformSequencer()\l}" alt="" coords="1551,497,1932,788">
<area shape="rect" href="$classorg_1_1dykman_1_1dexter_1_1descriptor_1_1AbstractDescriptor.html" title="{org.dykman.dexter.descriptor.AbstractDescriptor\n|# children\l# sequencer\l# propertyResolver\l|+ AbstractDescriptor()\l+ setPropertyResolver()\l+ getChildDescriptors()\l+ appendChild()\l+ setTransformSequencer()\l}" alt="" coords="1557,260,1925,447">
<area shape="rect" href="$interfaceorg_1_1dykman_1_1dexter_1_1descriptor_1_1Descriptor.html" title="{org.dykman.dexter.descriptor.Descriptor\n||+ setTransformSequencer()\l+ getChildDescriptors()\l+ appendChild()\l+ setPropertyResolver()\l+ start()\l+ attributes()\l+ children()\l+ end()\l}" alt="" coords="1587,5,1896,211">
