<area shape="rect" href="$classorg_1_1dykman_1_1dexter_1_1descriptor_1_1PathDescriptor.html#5e4df73a23bcdeb47d51ce1a2b1f903b" title="org.dykman.dexter.descriptor.PathDescriptor.dequalify" alt="" coords="524,5,935,32">
<area shape="rect" href="$classorg_1_1dykman_1_1dexter_1_1descriptor_1_1PathDescriptor.html#02f498fac7cfa98ec20eff58eaf63837" title="org.dykman.dexter.descriptor.PathDescriptor.getIteratorContext" alt="" coords="1476,56,1953,83">
<area shape="rect" href="$classorg_1_1dykman_1_1dexter_1_1descriptor_1_1PathDescriptor.html#d4e334942cf3a4e6b43f24b06e9aff8b" title="org.dykman.dexter.descriptor.PathDescriptor.mapPath" alt="" coords="1017,259,1425,285">
<area shape="rect" href="$classorg_1_1dykman_1_1dexter_1_1descriptor_1_1PathDescriptor.html#34a1488068f12460679a6ab1d64a29f3" title="org.dykman.dexter.descriptor.PathDescriptor.setIteratorContext" alt="" coords="492,157,967,184">
<area shape="rect" href="$classorg_1_1dykman_1_1dexter_1_1descriptor_1_1PathDescriptor.html#454737aea78a536daefbe9991e126953" title="org.dykman.dexter.descriptor.PathDescriptor.setPath" alt="" coords="531,208,928,235">
<area shape="rect" href="$classorg_1_1dykman_1_1dexter_1_1descriptor_1_1MetaDescriptor.html#68f1342075191ad051a4d5fcea6776b3" title="org.dykman.dexter.descriptor.MetaDescriptor.getMeta" alt="" coords="2003,157,2411,184">
<area shape="rect" href="$classorg_1_1dykman_1_1dexter_1_1descriptor_1_1PathDescriptor.html#fe3bdf07996a357104df64f9611a3a22" title="org.dykman.dexter.descriptor.PathDescriptor.getPath" alt="" coords="1515,259,1915,285">
<area shape="rect" href="$classorg_1_1dykman_1_1dexter_1_1descriptor_1_1MetaDescriptor.html#49be848fde4e96399398de2f387e49c4" title="org.dykman.dexter.descriptor.MetaDescriptor.setMeta" alt="" coords="1019,157,1424,184">
