<area shape="rect" href="$interfaceorg_1_1dykman_1_1dexter_1_1descriptor_1_1Descriptor.html" title="org.dykman.dexter.descriptor.Descriptor" alt="" coords="5,335,315,361">
<area shape="rect" href="$classorg_1_1dykman_1_1dexter_1_1descriptor_1_1AbstractDescriptor.html" title="org.dykman.dexter.descriptor.AbstractDescriptor" alt="" coords="363,335,731,361">
<area shape="rect" href="$classorg_1_1dykman_1_1dexter_1_1descriptor_1_1NodeDescriptor.html" title="org.dykman.dexter.descriptor.NodeDescriptor" alt="" coords="797,309,1144,336">
<area shape="rect" href="$classorg_1_1dykman_1_1dexter_1_1descriptor_1_1TransformDescriptor.html" title="org.dykman.dexter.descriptor.TransformDescriptor" alt="" coords="780,360,1161,387">
<area shape="rect" href="$classorg_1_1dykman_1_1dexter_1_1descriptor_1_1MetaDescriptor.html" title="org.dykman.dexter.descriptor.MetaDescriptor" alt="" coords="1212,360,1556,387">
<area shape="rect" href="$classorg_1_1dykman_1_1dexter_1_1descriptor_1_1NodeTransformDescriptor.html" title="org.dykman.dexter.descriptor.NodeTransformDescriptor" alt="" coords="1605,360,2027,387">
<area shape="rect" href="$classorg_1_1dykman_1_1dexter_1_1descriptor_1_1PathDescriptor.html" title="org.dykman.dexter.descriptor.PathDescriptor" alt="" coords="2076,309,2417,336">
<area shape="rect" href="$classorg_1_1dykman_1_1dexter_1_1dexterity_1_1GhostDescriptor.html" title="org.dykman.dexter.dexterity.GhostDescriptor" alt="" coords="2076,360,2417,387">
<area shape="rect" href="$classorg_1_1dykman_1_1dexter_1_1dexterity_1_1NullDescriptor.html" title="org.dykman.dexter.dexterity.NullDescriptor" alt="" coords="2083,411,2411,437">
<area shape="rect" href="$classorg_1_1dykman_1_1dexter_1_1descriptor_1_1BlockDescriptor.html" title="org.dykman.dexter.descriptor.BlockDescriptor" alt="" coords="2505,5,2852,32">
<area shape="rect" href="$classorg_1_1dykman_1_1dexter_1_1dexterity_1_1AbstractAttributeDescriptor.html" title="org.dykman.dexter.dexterity.AbstractAttributeDescriptor" alt="" coords="2468,56,2889,83">
<area shape="rect" href="$classorg_1_1dykman_1_1dexter_1_1dexterity_1_1CDataDescriptor.html" title="org.dykman.dexter.dexterity.CDataDescriptor" alt="" coords="2505,107,2852,133">
<area shape="rect" href="$classorg_1_1dykman_1_1dexter_1_1dexterity_1_1CopyChildDescriptor.html" title="org.dykman.dexter.dexterity.CopyChildDescriptor" alt="" coords="2491,157,2867,184">
<area shape="rect" href="$classorg_1_1dykman_1_1dexter_1_1dexterity_1_1CopyDescriptor.html" title="org.dykman.dexter.dexterity.CopyDescriptor" alt="" coords="2509,208,2848,235">
<area shape="rect" href="$classorg_1_1dykman_1_1dexter_1_1dexterity_1_1CopyElementDescriptor.html" title="org.dykman.dexter.dexterity.CopyElementDescriptor" alt="" coords="2480,259,2877,285">
<area shape="rect" href="$classorg_1_1dykman_1_1dexter_1_1dexterity_1_1EnvDescriptor.html" title="org.dykman.dexter.dexterity.EnvDescriptor" alt="" coords="2516,309,2841,336">
<area shape="rect" href="$classorg_1_1dykman_1_1dexter_1_1dexterity_1_1MapNodeDescriptor.html" title="org.dykman.dexter.dexterity.MapNodeDescriptor" alt="" coords="2493,360,2864,387">
<area shape="rect" href="$classorg_1_1dykman_1_1dexter_1_1dexterity_1_1NoopDescriptor.html" title="org.dykman.dexter.dexterity.NoopDescriptor" alt="" coords="2509,411,2848,437">
<area shape="rect" href="$classorg_1_1dykman_1_1dexter_1_1dexterity_1_1SelectDescriptor.html" title="org.dykman.dexter.dexterity.SelectDescriptor" alt="" coords="2505,461,2852,488">
<area shape="rect" href="$classorg_1_1dykman_1_1dexter_1_1dexterity_1_1SubdocDescriptor.html" title="org.dykman.dexter.dexterity.SubdocDescriptor" alt="" coords="2501,512,2856,539">
<area shape="rect" href="$classorg_1_1dykman_1_1dexter_1_1dexterity_1_1TestDescriptor.html" title="org.dykman.dexter.dexterity.TestDescriptor" alt="" coords="2515,563,2843,589">
<area shape="rect" href="$classorg_1_1dykman_1_1dexter_1_1dexterity_1_1UniqAttrDescriptor.html" title="org.dykman.dexter.dexterity.UniqAttrDescriptor" alt="" coords="2499,613,2859,640">
<area shape="rect" href="$classorg_1_1dykman_1_1dexter_1_1dexterity_1_1CaseDescriptor.html" title="org.dykman.dexter.dexterity.CaseDescriptor" alt="" coords="2995,5,3331,32">
<area shape="rect" href="$classorg_1_1dykman_1_1dexter_1_1dexterity_1_1ConditionalAttributeDescriptor.html" title="org.dykman.dexter.dexterity.ConditionalAttributeDescriptor" alt="" coords="2939,56,3387,83">
<area shape="rect" href="$classorg_1_1dykman_1_1dexter_1_1dexterity_1_1MapAttributeDescriptor.html" title="org.dykman.dexter.dexterity.MapAttributeDescriptor" alt="" coords="2965,107,3360,133">
<area shape="rect" href="$classorg_1_1dykman_1_1dexter_1_1dexterity_1_1ConditionalAttributeDescriptorS.html" title="org.dykman.dexter.dexterity.ConditionalAttributeDescriptorS" alt="" coords="3436,56,3892,83">
<area shape="rect" href="$classorg_1_1dykman_1_1dexter_1_1dexterity_1_1MapAttributeDescriptorS.html" title="org.dykman.dexter.dexterity.MapAttributeDescriptorS" alt="" coords="3463,107,3865,133">
