<area shape="rect" href="$interfaceorg_1_1dykman_1_1dexter_1_1base_1_1PathFunction.html" title="org.dykman.dexter.base.PathFunction" alt="" coords="5,132,299,159">
<area shape="rect" href="$classorg_1_1dykman_1_1dexter_1_1base_1_1IsTextFunction.html" title="org.dykman.dexter.base.IsTextFunction" alt="" coords="368,5,669,32">
<area shape="rect" href="$classorg_1_1dykman_1_1dexter_1_1base_1_1MacroPathFunction.html" title="org.dykman.dexter.base.MacroPathFunction" alt="" coords="351,56,687,83">
<area shape="rect" href="$classorg_1_1dykman_1_1dexter_1_1base_1_1NameFunction.html" title="org.dykman.dexter.base.NameFunction" alt="" coords="367,107,671,133">
<area shape="rect" href="$classorg_1_1dykman_1_1dexter_1_1base_1_1SimplePathFunction.html" title="org.dykman.dexter.base.SimplePathFunction" alt="" coords="347,157,691,184">
<area shape="rect" href="$classorg_1_1dykman_1_1dexter_1_1base_1_1TextFunction.html" title="org.dykman.dexter.base.TextFunction" alt="" coords="373,208,664,235">
<area shape="rect" href="$classorg_1_1dykman_1_1dexter_1_1base_1_1TrimFunction.html" title="org.dykman.dexter.base.TrimFunction" alt="" coords="372,259,665,285">
<area shape="rect" href="$classorg_1_1dykman_1_1dexter_1_1base_1_1CompareNameFunction.html" title="org.dykman.dexter.base.CompareNameFunction" alt="" coords="739,107,1112,133">
