<area shape="rect" href="$interfaceorg_1_1dykman_1_1dexter_1_1descriptor_1_1Descriptor.html" title="org.dykman.dexter.descriptor.Descriptor" alt="" coords="5,208,315,235">
<area shape="rect" href="$classorg_1_1dykman_1_1dexter_1_1descriptor_1_1AbstractDescriptor.html" title="org.dykman.dexter.descriptor.AbstractDescriptor" alt="" coords="363,208,731,235">
<area shape="rect" href="$classorg_1_1dykman_1_1dexter_1_1descriptor_1_1NodeDescriptor.html" title="org.dykman.dexter.descriptor.NodeDescriptor" alt="" coords="797,183,1144,209">
<area shape="rect" href="$classorg_1_1dykman_1_1dexter_1_1descriptor_1_1TransformDescriptor.html" title="org.dykman.dexter.descriptor.TransformDescriptor" alt="" coords="780,233,1161,260">
<area shape="rect" href="$classorg_1_1dykman_1_1dexter_1_1descriptor_1_1MetaDescriptor.html" title="org.dykman.dexter.descriptor.MetaDescriptor" alt="" coords="1213,208,1557,235">
<area shape="rect" href="$classorg_1_1dykman_1_1dexter_1_1descriptor_1_1NoopDescriptor.html" title="org.dykman.dexter.descriptor.NoopDescriptor" alt="" coords="1212,259,1559,285">
<area shape="rect" href="$classorg_1_1dykman_1_1dexter_1_1descriptor_1_1BlockDescriptor.html" title="org.dykman.dexter.descriptor.BlockDescriptor" alt="" coords="1645,171,1992,197">
<area shape="rect" href="$classorg_1_1dykman_1_1dexter_1_1descriptor_1_1NodeTransformDescriptor.html" title="org.dykman.dexter.descriptor.NodeTransformDescriptor" alt="" coords="1608,247,2029,273">
<area shape="rect" href="$classorg_1_1dykman_1_1dexter_1_1dexterity_1_1CaseDescriptor.html" title="org.dykman.dexter.dexterity.CaseDescriptor" alt="" coords="2081,157,2417,184">
<area shape="rect" href="$classorg_1_1dykman_1_1dexter_1_1descriptor_1_1PathDescriptor.html" title="org.dykman.dexter.descriptor.PathDescriptor" alt="" coords="2079,208,2420,235">
<area shape="rect" href="$classorg_1_1dykman_1_1dexter_1_1dexterity_1_1GhostDescriptor.html" title="org.dykman.dexter.dexterity.GhostDescriptor" alt="" coords="2079,259,2420,285">
<area shape="rect" href="$classorg_1_1dykman_1_1dexter_1_1dexterity_1_1NullDescriptor.html" title="org.dykman.dexter.dexterity.NullDescriptor" alt="" coords="2085,309,2413,336">
<area shape="rect" href="$classorg_1_1dykman_1_1dexter_1_1dexterity_1_1CopyNodeDescriptor.html" title="org.dykman.dexter.dexterity.CopyNodeDescriptor" alt="" coords="2479,5,2855,32">
<area shape="rect" href="$classorg_1_1dykman_1_1dexter_1_1dexterity_1_1EnvDescriptor.html" title="org.dykman.dexter.dexterity.EnvDescriptor" alt="" coords="2504,56,2829,83">
<area shape="rect" href="$classorg_1_1dykman_1_1dexter_1_1dexterity_1_1MapAttributeDescriptor.html" title="org.dykman.dexter.dexterity.MapAttributeDescriptor" alt="" coords="2469,107,2864,133">
<area shape="rect" href="$classorg_1_1dykman_1_1dexter_1_1dexterity_1_1MapNodeDescriptor.html" title="org.dykman.dexter.dexterity.MapNodeDescriptor" alt="" coords="2481,157,2852,184">
<area shape="rect" href="$classorg_1_1dykman_1_1dexter_1_1dexterity_1_1SelectDescriptor.html" title="org.dykman.dexter.dexterity.SelectDescriptor" alt="" coords="2493,208,2840,235">
<area shape="rect" href="$classorg_1_1dykman_1_1dexter_1_1dexterity_1_1SubdocDescriptor.html" title="org.dykman.dexter.dexterity.SubdocDescriptor" alt="" coords="2489,259,2844,285">
<area shape="rect" href="$classorg_1_1dykman_1_1dexter_1_1dexterity_1_1TestDescriptor.html" title="org.dykman.dexter.dexterity.TestDescriptor" alt="" coords="2503,309,2831,336">
<area shape="rect" href="$classorg_1_1dykman_1_1dexter_1_1dexterity_1_1UniqAttrDescriptor.html" title="org.dykman.dexter.dexterity.UniqAttrDescriptor" alt="" coords="2487,360,2847,387">
<area shape="rect" href="$classorg_1_1dykman_1_1dexter_1_1didi_1_1JSParamDescriptor.html" title="org.dykman.dexter.didi.JSParamDescriptor" alt="" coords="2504,411,2829,437">
<area shape="rect" href="$classorg_1_1dykman_1_1dexter_1_1dexterity_1_1MapAttributeDescriptorS.html" title="org.dykman.dexter.dexterity.MapAttributeDescriptorS" alt="" coords="2913,107,3316,133">
