<area shape="rect" href="$classorg_1_1dykman_1_1dexter_1_1didi_1_1JSParamDescriptor.html#a644aab460df4d79f12e24bf6b2fd376" title="org.dykman.dexter.didi.JSParamDescriptor.attributes" alt="" coords="528,119,925,145">
<area shape="rect" href="$classorg_1_1dykman_1_1dexter_1_1base_1_1BaseTransformSequencer.html#b92f3ede71470e51ad1f4e2148a45c60" title="org.dykman.dexter.base.BaseTransformSequencer.createPathFunction" alt="" coords="463,169,991,196">
<area shape="rect" href="$classorg_1_1dykman_1_1dexter_1_1Dexter.html#e1a48e4bb5420928394045efb95bb3a5" title="org.dykman.dexter.Dexter.defineModule" alt="" coords="572,220,881,247">
<area shape="rect" href="$classorg_1_1dykman_1_1dexter_1_1Dexter.html#b4bdc3eb74de8dd3e3654e61abef3d2e" title="org.dykman.dexter.Dexter.getEntity" alt="" coords="589,271,864,297">
<area shape="rect" href="$classorg_1_1dykman_1_1dexter_1_1DexterPropertyResolver.html#e7793a6c7a29d8117c58f9365a135f24" title="org.dykman.dexter.DexterPropertyResolver.getProperty" alt="" coords="519,321,935,348">
<area shape="rect" href="$classorg_1_1dykman_1_1dexter_1_1Dexter.html#e5561c9965cc2b26fad096a920656d8c" title="org.dykman.dexter.Dexter.init" alt="" coords="609,372,844,399">
<area shape="rect" href="$classorg_1_1dykman_1_1dexter_1_1base_1_1BaseTransformSequencer.html#8f7a45fe0ed3965331652a673304ae06" title="org.dykman.dexter.base.BaseTransformSequencer.translateXSLPath" alt="" coords="1045,157,1557,184">
<area shape="rect" href="$classorg_1_1dykman_1_1dexter_1_1base_1_1XSLTDocSequencer.html#13b2ceaa0aa9c2f331edb83b90868ebe" title="org.dykman.dexter.base.XSLTDocSequencer.copyChildren" alt="" coords="1645,5,2085,32">
<area shape="rect" href="$classorg_1_1dykman_1_1dexter_1_1base_1_1BaseTransformSequencer.html#1b77730267094540703edd64a43f00c8" title="org.dykman.dexter.base.BaseTransformSequencer.generateXSLTest" alt="" coords="1611,56,2120,83">
<area shape="rect" href="$classorg_1_1dykman_1_1dexter_1_1base_1_1XSLTDocSequencer.html#74eff40f6f7dfcb76c14bae7494a6283" title="org.dykman.dexter.base.XSLTDocSequencer.mapAttribute" alt="" coords="1645,107,2085,133">
<area shape="rect" href="$classorg_1_1dykman_1_1dexter_1_1base_1_1XSLTDocSequencer.html#7188f8ff206c741538f72ffb7ed1c630" title="org.dykman.dexter.base.XSLTDocSequencer.mapNode" alt="" coords="1657,157,2073,184">
<area shape="rect" href="$classorg_1_1dykman_1_1dexter_1_1base_1_1XSLTDocSequencer.html#92e16bd18725cdcbdf2a73ae26b523a2" title="org.dykman.dexter.base.XSLTDocSequencer.startIterator" alt="" coords="1651,208,2080,235">
<area shape="rect" href="$classorg_1_1dykman_1_1dexter_1_1base_1_1XSLTDocSequencer.html#80fd27d04a174e66c1a244b700d32d8f" title="org.dykman.dexter.base.XSLTDocSequencer.startSubdoc" alt="" coords="1651,259,2080,285">
<area shape="rect" href="$classorg_1_1dykman_1_1dexter_1_1base_1_1XSLTDocSequencer.html#056bb243e34ed929bb1d9f6f3f152392" title="org.dykman.dexter.base.XSLTDocSequencer.translateEntityReference" alt="" coords="1040,296,1563,323">
<area shape="rect" href="$classorg_1_1dykman_1_1dexter_1_1base_1_1XSLTDocSequencer.html#dd89c7bb07cc9bbc8634a54d9a440c69" title="org.dykman.dexter.base.XSLTDocSequencer.startNode" alt="" coords="1659,309,2072,336">
<area shape="rect" href="$classorg_1_1dykman_1_1dexter_1_1Dexter.html#82097ae18e927f42e8ed818976f42bb0" title="org.dykman.dexter.Dexter.Dexter" alt="" coords="1172,372,1431,399">
