<area shape="rect" href="$classorg_1_1dykman_1_1dexter_1_1base_1_1BaseTransformSequencer.html#efea3a8dd0847834a7e07f5cedfb2ea1" title="org.dykman.dexter.base.BaseTransformSequencer.translateXSLPath" alt="" coords="392,132,904,159">
<area shape="rect" href="$classorg_1_1dykman_1_1dexter_1_1base_1_1XSLTDocSequencer.html#560b4a553b0b7867576661b904d2ce80" title="org.dykman.dexter.base.XSLTDocSequencer.callTemplateEvaluator" alt="" coords="973,5,1477,32">
<area shape="rect" href="$classorg_1_1dykman_1_1dexter_1_1base_1_1XSLTDocSequencer.html#421c6058683bc52c84ca7b9ff8c16f06" title="org.dykman.dexter.base.XSLTDocSequencer.valueTemplate" alt="" coords="1548,31,1999,57">
<area shape="rect" href="$classorg_1_1dykman_1_1dexter_1_1base_1_1XSLTDocSequencer.html#1942b1a24a0f1ad56ddcd80794bb2647" title="org.dykman.dexter.base.XSLTDocSequencer.copyNodes" alt="" coords="1013,107,1437,133">
<area shape="rect" href="$classorg_1_1dykman_1_1dexter_1_1base_1_1XSLTDocSequencer.html#0a14a18548a6eaab6825466d00d54814" title="org.dykman.dexter.base.XSLTDocSequencer.createExternalTemplateCall" alt="" coords="953,157,1497,184">
<area shape="rect" href="$classorg_1_1dykman_1_1dexter_1_1base_1_1BaseTransformSequencer.html#78b1cd3ea1168a29104dc0f02bfa34b3" title="org.dykman.dexter.base.BaseTransformSequencer.generateXSLTest" alt="" coords="971,208,1480,235">
<area shape="rect" href="$classorg_1_1dykman_1_1dexter_1_1base_1_1XSLTDocSequencer.html#75dd0620e4120e5f58f9c20d6b41e67c" title="org.dykman.dexter.base.XSLTDocSequencer.startIterator" alt="" coords="1011,259,1440,285">
<area shape="rect" href="$classorg_1_1dykman_1_1dexter_1_1base_1_1XSLTDocSequencer.html#2b916af0099481345c847059157cd0d2" title="org.dykman.dexter.base.XSLTDocSequencer.mapAttribute" alt="" coords="2048,5,2488,32">
<area shape="rect" href="$classorg_1_1dykman_1_1dexter_1_1base_1_1XSLTDocSequencer.html#afca6a4d91fdae44c206538ddd5f8bdc" title="org.dykman.dexter.base.XSLTDocSequencer.mapNode" alt="" coords="2060,56,2476,83">
<area shape="rect" href="$classorg_1_1dykman_1_1dexter_1_1base_1_1XSLTDocSequencer.html#f01a62a4b1c0102792704f08380e4c3a" title="org.dykman.dexter.base.XSLTDocSequencer.startSubdoc" alt="" coords="1559,157,1988,184">
