<area shape="rect" href="$classorg_1_1dykman_1_1dexter_1_1base_1_1IsTextFunction.html" title="{org.dykman.dexter.base.IsTextFunction\n||+ apply()\l}" alt="" coords="5,148,307,231">
<area shape="rect" href="$classorg_1_1dykman_1_1dexter_1_1base_1_1MacroPathFunction.html" title="{org.dykman.dexter.base.MacroPathFunction\n|~ mask\l|+ MacroPathFunction()\l+ apply()\l}" alt="" coords="331,139,667,240">
<area shape="rect" href="$classorg_1_1dykman_1_1dexter_1_1base_1_1NameFunction.html" title="{org.dykman.dexter.base.NameFunction\n||+ apply()\l}" alt="" coords="691,148,995,231">
<area shape="rect" href="$classorg_1_1dykman_1_1dexter_1_1base_1_1SimplePathFunction.html" title="{org.dykman.dexter.base.SimplePathFunction\n|~ mask\l|+ SimplePathFunction()\l+ apply()\l}" alt="" coords="1019,139,1363,240">
<area shape="rect" href="$classorg_1_1dykman_1_1dexter_1_1base_1_1TextFunction.html" title="{org.dykman.dexter.base.TextFunction\n||+ apply()\l}" alt="" coords="1387,148,1677,231">
<area shape="rect" href="$classorg_1_1dykman_1_1dexter_1_1base_1_1TrimFunction.html" title="{org.dykman.dexter.base.TrimFunction\n||+ apply()\l}" alt="" coords="1701,148,1995,231">
<area shape="rect" href="$classorg_1_1dykman_1_1dexter_1_1base_1_1CompareNameFunction.html" title="{org.dykman.dexter.base.CompareNameFunction\n||+ apply()\l}" alt="" coords="656,289,1029,372">
