<area shape="rect" href="$classorg_1_1dykman_1_1dexter_1_1descriptor_1_1AbstractDescriptor.html#cc97629aaeea295ef248a3ac727454e1" title="org.dykman.dexter.descriptor.AbstractDescriptor.AbstractDescriptor" alt="" coords="429,5,931,32">
<area shape="rect" href="$classorg_1_1dykman_1_1dexter_1_1descriptor_1_1AbstractDescriptor.html#211fa88ae3ab5d5c5db3138684b4f774" title="org.dykman.dexter.descriptor.AbstractDescriptor.appendChild" alt="" coords="448,56,912,83">
<area shape="rect" href="$classorg_1_1dykman_1_1dexter_1_1descriptor_1_1TransformDescriptor.html#cc3abffb9da021ede9bfefea5a20152f" title="org.dykman.dexter.descriptor.TransformDescriptor.children" alt="" coords="459,107,901,133">
<area shape="rect" href="$classorg_1_1dykman_1_1dexter_1_1descriptor_1_1AbstractDescriptor.html#520f495f80abc620e75de680dcd76440" title="org.dykman.dexter.descriptor.AbstractDescriptor.getChildDescriptors" alt="" coords="424,157,936,184">
<area shape="rect" href="$classorg_1_1dykman_1_1dexter_1_1base_1_1BaseTransformSequencer.html#0bb8dc6f057d647b3be3cd92fceb3e84" title="org.dykman.dexter.base.BaseTransformSequencer.runDescriptor" alt="" coords="437,208,923,235">
<area shape="rect" href="$classorg_1_1dykman_1_1dexter_1_1descriptor_1_1BlockDescriptor.html#eead6c32e62edf59ccbe69640c349e79" title="org.dykman.dexter.descriptor.BlockDescriptor.appendChild" alt="" coords="985,107,1428,133">
<area shape="rect" href="$classorg_1_1dykman_1_1dexter_1_1Dexter.html#65a63dd0e05597a3e53c32339da039eb" title="org.dykman.dexter.Dexter.generateXSLT" alt="" coords="1051,208,1363,235">
<area shape="rect" href="$classorg_1_1dykman_1_1dexter_1_1Main.html#fc3c9a8199e389b549a761b27932657a" title="org.dykman.dexter.Main.main" alt="" coords="1477,208,1715,235">
