<area shape="rect" href="$classorg_1_1dykman_1_1dexter_1_1Dexter.html#3ae64faa9563b902170100c16153216c" title="org.dykman.dexter.Dexter.loadTemplate" alt="" coords="660,5,972,32">
<area shape="rect" href="$classorg_1_1dykman_1_1dexter_1_1base_1_1BaseTransformSequencer.html#efea3a8dd0847834a7e07f5cedfb2ea1" title="org.dykman.dexter.base.BaseTransformSequencer.translateXSLPath" alt="" coords="560,56,1072,83">
<area shape="rect" href="$classorg_1_1dykman_1_1dexter_1_1Dexter.html#99f76f85fb7c3e1b5a2cc10e9c882b21" title="org.dykman.dexter.Dexter.loadTemplateRecurse" alt="" coords="1153,5,1521,32">
<area shape="rect" href="$interfaceorg_1_1dykman_1_1dexter_1_1base_1_1PathFunction.html#f21e7d1f725e0daf064300c0bd3c733a" title="org.dykman.dexter.base.PathFunction.apply" alt="" coords="1169,56,1505,83">
<area shape="rect" href="$classorg_1_1dykman_1_1dexter_1_1descriptor_1_1CrossPathResolver.html#cd0d7b7c32ee7a27260913c163cb35c7" title="org.dykman.dexter.descriptor.CrossPathResolver.translate" alt="" coords="1120,107,1555,133">
