<area shape="rect" href="$classorg_1_1dykman_1_1dexter_1_1didi_1_1AjaxEditor.html" title="{org.dykman.dexter.didi.AjaxEditor\n|+ PARAMS\l|+ getScriptNode()\l+ writeScript()\l+ appendScript()\l+ getScriptNode()\l+ writeScript()\l# readStringResource()\l}" alt="" coords="199,531,463,701">
<area shape="rect" href="$classorg_1_1dykman_1_1dexter_1_1didi_1_1FlashTagEditor.html" title="{org.dykman.dexter.didi.FlashTagEditor\n||+ FlashTagEditor()\l+ edit()\l}" alt="" coords="487,565,783,667">
<area shape="rect" href="$classorg_1_1dykman_1_1dexter_1_1didi_1_1FormCompletionEditor.html" title="{org.dykman.dexter.didi.FormCompletionEditor\n||+ edit()\l# processInput()\l}" alt="" coords="807,565,1161,667">
<area shape="rect" href="$classorg_1_1dykman_1_1dexter_1_1didi_1_1MetaTagEditor.html" title="{org.dykman.dexter.didi.MetaTagEditor\n||+ MetaTagEditor()\l+ edit()\l}" alt="" coords="1185,565,1479,667">
<area shape="rect" href="$classorg_1_1dykman_1_1dexter_1_1didi_1_1OptionEditor.html" title="{org.dykman.dexter.didi.OptionEditor\n||+ edit()\l}" alt="" coords="1503,575,1785,657">
<area shape="rect" href="$interfaceorg_1_1dykman_1_1dexter_1_1base_1_1DocumentEditor.html" title="{org.dykman.dexter.base.DocumentEditor\n||+ setReference()\l+ edit()\l+ setPropertyResolver()\l+ setDexter()\l}" alt="" coords="825,5,1143,141">
<area shape="rect" href="$classorg_1_1dykman_1_1dexter_1_1didi_1_1AjaxAnchorEditor.html" title="{org.dykman.dexter.didi.AjaxAnchorEditor\n||+ edit()\l}" alt="" coords="5,751,320,833">
<area shape="rect" href="$classorg_1_1dykman_1_1dexter_1_1didi_1_1AjaxTargetEditor.html" title="{org.dykman.dexter.didi.AjaxTargetEditor\n|~ counter\l|+ edit()\l}" alt="" coords="344,751,653,833">
<area shape="rect" href="$classorg_1_1dykman_1_1dexter_1_1didi_1_1OptionSEditor.html" title="{org.dykman.dexter.didi.OptionSEditor\n||# splitArgs()\l}" alt="" coords="1499,751,1789,833">
