<area shape="rect" href="$classorg_1_1dykman_1_1dexter_1_1base_1_1XSLTDocSequencer.html#8fe10459e18d54450d057073006ff135" title="org.dykman.dexter.base.XSLTDocSequencer.callTemplateEvaluator" alt="" coords="367,31,871,57">
<area shape="rect" href="$classorg_1_1dykman_1_1dexter_1_1base_1_1XSLTDocSequencer.html#1942b1a24a0f1ad56ddcd80794bb2647" title="org.dykman.dexter.base.XSLTDocSequencer.copyNodes" alt="" coords="935,5,1359,32">
<area shape="rect" href="$classorg_1_1dykman_1_1dexter_1_1base_1_1XSLTDocSequencer.html#d71cba0825ffe17648a7bce3959d026e" title="org.dykman.dexter.base.XSLTDocSequencer.valueTemplate" alt="" coords="921,56,1372,83">
<area shape="rect" href="$classorg_1_1dykman_1_1dexter_1_1base_1_1XSLTDocSequencer.html#2b916af0099481345c847059157cd0d2" title="org.dykman.dexter.base.XSLTDocSequencer.mapAttribute" alt="" coords="1421,31,1861,57">
<area shape="rect" href="$classorg_1_1dykman_1_1dexter_1_1base_1_1XSLTDocSequencer.html#afca6a4d91fdae44c206538ddd5f8bdc" title="org.dykman.dexter.base.XSLTDocSequencer.mapNode" alt="" coords="1433,81,1849,108">
