<area shape="rect" href="$classorg_1_1dykman_1_1dexter_1_1Dexter.html#65a63dd0e05597a3e53c32339da039eb" title="org.dykman.dexter.Dexter.generateXSLT" alt="" coords="379,233,691,260">
<area shape="rect" href="$interfaceorg_1_1dykman_1_1dexter_1_1base_1_1PropertyResolver.html#d763b377854adf8698d712a245c6292e" title="org.dykman.dexter.base.PropertyResolver.getPropertiesMatching" alt="" coords="292,284,777,311">
<area shape="rect" href="$classorg_1_1dykman_1_1dexter_1_1Dexter.html#669b984913159a5e4e7ea0b2142df79f" title="org.dykman.dexter.Dexter.setIndent" alt="" coords="395,335,675,361">
<area shape="rect" href="$classorg_1_1dykman_1_1dexter_1_1Dexter.html#60c002f5db0bed8797a44353fefbd38d" title="org.dykman.dexter.Dexter.setMediaType" alt="" coords="380,385,689,412">
<area shape="rect" href="$classorg_1_1dykman_1_1dexter_1_1Dexter.html#a6672a79f8249edcfa1cc5e31a2b5d3a" title="org.dykman.dexter.Dexter.setMethod" alt="" coords="391,436,679,463">
<area shape="rect" href="$classorg_1_1dykman_1_1dexter_1_1Dexter.html#dc2de5df62a51ed7cd4fa9f9d058544c" title="org.dykman.dexter.Dexter.setPropigateComments" alt="" coords="344,487,725,513">
<area shape="rect" href="$classorg_1_1dykman_1_1dexter_1_1Main.html#61f93945eaf30654382b53e5f20a2368" title="org.dykman.dexter.Main.showHelpFile" alt="" coords="388,537,681,564">
<area shape="rect" href="$classorg_1_1dykman_1_1dexter_1_1base_1_1XSLTDocSequencer.html#069c401335162fd5682be0279f67745d" title="org.dykman.dexter.base.XSLTDocSequencer.getDocuments" alt="" coords="855,31,1305,57">
<area shape="rect" href="$classorg_1_1dykman_1_1dexter_1_1Dexter.html#53eac58033a53b21978189ed55cb1955" title="org.dykman.dexter.Dexter.marshall" alt="" coords="943,81,1217,108">
<area shape="rect" href="$classorg_1_1dykman_1_1dexter_1_1base_1_1BaseTransformSequencer.html#0bb8dc6f057d647b3be3cd92fceb3e84" title="org.dykman.dexter.base.BaseTransformSequencer.runDescriptor" alt="" coords="837,132,1323,159">
<area shape="rect" href="$classorg_1_1dykman_1_1dexter_1_1Dexter.html#ad66ebb66a8d7d15c925b0f66eacebc2" title="org.dykman.dexter.Dexter.scanDocument" alt="" coords="920,183,1240,209">
<area shape="rect" href="$classorg_1_1dykman_1_1dexter_1_1base_1_1XSLTDocSequencer.html#f55c91042017000763ba54db6c3e8189" title="org.dykman.dexter.base.XSLTDocSequencer.setDexterNamespaces" alt="" coords="827,233,1333,260">
<area shape="rect" href="$classorg_1_1dykman_1_1dexter_1_1base_1_1XSLTDocSequencer.html#491cde3dd2cd18bbddff8a85c792e378" title="org.dykman.dexter.base.XSLTDocSequencer.setIdNames" alt="" coords="865,284,1295,311">
<area shape="rect" href="$classorg_1_1dykman_1_1dexter_1_1base_1_1XSLTDocSequencer.html#8891d5bddce815a8de98422870699c4f" title="org.dykman.dexter.base.XSLTDocSequencer.setIndent" alt="" coords="875,335,1285,361">
<area shape="rect" href="$classorg_1_1dykman_1_1dexter_1_1base_1_1XSLTDocSequencer.html#0a97fca61ff9558fd68b0522601949ff" title="org.dykman.dexter.base.XSLTDocSequencer.setMediaType" alt="" coords="859,385,1301,412">
<area shape="rect" href="$classorg_1_1dykman_1_1dexter_1_1base_1_1XSLTDocSequencer.html#3f972728ab33528641d8884fa3f55ce8" title="org.dykman.dexter.base.XSLTDocSequencer.setMethod" alt="" coords="871,436,1289,463">
<area shape="rect" href="$interfaceorg_1_1dykman_1_1dexter_1_1descriptor_1_1Descriptor.html#ba19494842ca7bbf4b43c065c6411b03" title="org.dykman.dexter.descriptor.Descriptor.appendChild" alt="" coords="1421,5,1827,32">
<area shape="rect" href="$interfaceorg_1_1dykman_1_1dexter_1_1descriptor_1_1Descriptor.html#21c1b8f2661f1340b5b2c725f91dd135" title="org.dykman.dexter.descriptor.Descriptor.attributes" alt="" coords="1433,56,1815,83">
<area shape="rect" href="$interfaceorg_1_1dykman_1_1dexter_1_1descriptor_1_1Descriptor.html#d28ea66582d27d512a46a511e67a45ca" title="org.dykman.dexter.descriptor.Descriptor.children" alt="" coords="1439,107,1809,133">
<area shape="rect" href="$interfaceorg_1_1dykman_1_1dexter_1_1descriptor_1_1Descriptor.html#557acfef9115112bdcc6b9aa8d4f9ed5" title="org.dykman.dexter.descriptor.Descriptor.end" alt="" coords="1455,157,1793,184">
<area shape="rect" href="$interfaceorg_1_1dykman_1_1dexter_1_1descriptor_1_1Descriptor.html#bf5b7a1f3930e595d15d54e40ea586fe" title="org.dykman.dexter.descriptor.Descriptor.setTransformSequencer" alt="" coords="1381,208,1867,235">
<area shape="rect" href="$interfaceorg_1_1dykman_1_1dexter_1_1descriptor_1_1Descriptor.html#78516dc451701ac0a088b5f7b3028464" title="org.dykman.dexter.descriptor.Descriptor.start" alt="" coords="1452,259,1796,285">
