<area shape="rect" href="$classorg_1_1dykman_1_1dexter_1_1base_1_1BaseTransformSequencer.html#efea3a8dd0847834a7e07f5cedfb2ea1" title="org.dykman.dexter.base.BaseTransformSequencer.translateXSLPath" alt="" coords="488,129,1000,156">
<area shape="rect" href="$classorg_1_1dykman_1_1dexter_1_1base_1_1XSLTDocSequencer.html#8fe10459e18d54450d057073006ff135" title="org.dykman.dexter.base.XSLTDocSequencer.callTemplateEvaluator" alt="" coords="1069,53,1573,80">
<area shape="rect" href="$classorg_1_1dykman_1_1dexter_1_1base_1_1XSLTDocSequencer.html#1942b1a24a0f1ad56ddcd80794bb2647" title="org.dykman.dexter.base.XSLTDocSequencer.copyNodes" alt="" coords="1657,16,2081,43">
<area shape="rect" href="$classorg_1_1dykman_1_1dexter_1_1base_1_1XSLTDocSequencer.html#d71cba0825ffe17648a7bce3959d026e" title="org.dykman.dexter.base.XSLTDocSequencer.valueTemplate" alt="" coords="1644,92,2095,119">
<area shape="rect" href="$classorg_1_1dykman_1_1dexter_1_1base_1_1XSLTDocSequencer.html#0a14a18548a6eaab6825466d00d54814" title="org.dykman.dexter.base.XSLTDocSequencer.createExternalTemplateCall" alt="" coords="1049,155,1593,181">
<area shape="rect" href="$classorg_1_1dykman_1_1dexter_1_1base_1_1BaseTransformSequencer.html#78b1cd3ea1168a29104dc0f02bfa34b3" title="org.dykman.dexter.base.BaseTransformSequencer.generateXSLTest" alt="" coords="1067,205,1576,232">
<area shape="rect" href="$classorg_1_1dykman_1_1dexter_1_1base_1_1XSLTDocSequencer.html#75dd0620e4120e5f58f9c20d6b41e67c" title="org.dykman.dexter.base.XSLTDocSequencer.startIterator" alt="" coords="1107,256,1536,283">
<area shape="rect" href="$classorg_1_1dykman_1_1dexter_1_1base_1_1XSLTDocSequencer.html#2b916af0099481345c847059157cd0d2" title="org.dykman.dexter.base.XSLTDocSequencer.mapAttribute" alt="" coords="2144,67,2584,93">
<area shape="rect" href="$classorg_1_1dykman_1_1dexter_1_1base_1_1XSLTDocSequencer.html#afca6a4d91fdae44c206538ddd5f8bdc" title="org.dykman.dexter.base.XSLTDocSequencer.mapNode" alt="" coords="2156,117,2572,144">
<area shape="rect" href="$classorg_1_1dykman_1_1dexter_1_1base_1_1XSLTDocSequencer.html#f01a62a4b1c0102792704f08380e4c3a" title="org.dykman.dexter.base.XSLTDocSequencer.startSubdoc" alt="" coords="1655,155,2084,181">
