<area shape="rect" href="$interfaceorg_1_1dykman_1_1dexter_1_1base_1_1DocumentEditor.html" title="org.dykman.dexter.base.DocumentEditor" alt="" coords="5,132,323,159">
<area shape="rect" href="$classorg_1_1dykman_1_1dexter_1_1base_1_1AbstractDocumentEditor.html" title="org.dykman.dexter.base.AbstractDocumentEditor" alt="" coords="371,132,747,159">
<area shape="rect" href="$classorg_1_1dykman_1_1dexter_1_1didi_1_1AjaxEditor.html" title="org.dykman.dexter.didi.AjaxEditor" alt="" coords="841,31,1105,57">
<area shape="rect" href="$classorg_1_1dykman_1_1dexter_1_1didi_1_1FlashTagEditor.html" title="org.dykman.dexter.didi.FlashTagEditor" alt="" coords="825,81,1121,108">
<area shape="rect" href="$classorg_1_1dykman_1_1dexter_1_1didi_1_1FormCompletionEditor.html" title="org.dykman.dexter.didi.FormCompletionEditor" alt="" coords="796,132,1151,159">
<area shape="rect" href="$classorg_1_1dykman_1_1dexter_1_1didi_1_1MetaTagEditor.html" title="org.dykman.dexter.didi.MetaTagEditor" alt="" coords="827,183,1120,209">
<area shape="rect" href="$classorg_1_1dykman_1_1dexter_1_1didi_1_1OptionEditor.html" title="org.dykman.dexter.didi.OptionEditor" alt="" coords="832,233,1115,260">
<area shape="rect" href="$classorg_1_1dykman_1_1dexter_1_1didi_1_1AjaxAnchorEditor.html" title="org.dykman.dexter.didi.AjaxAnchorEditor" alt="" coords="1200,5,1515,32">
<area shape="rect" href="$classorg_1_1dykman_1_1dexter_1_1didi_1_1AjaxTargetEditor.html" title="org.dykman.dexter.didi.AjaxTargetEditor" alt="" coords="1203,56,1512,83">
<area shape="rect" href="$classorg_1_1dykman_1_1dexter_1_1didi_1_1OptionSEditor.html" title="org.dykman.dexter.didi.OptionSEditor" alt="" coords="1212,233,1503,260">
