<area shape="rect" href="$classorg_1_1dykman_1_1dexter_1_1descriptor_1_1MetaDescriptor.html#ea71595373377e3d820f40761c50ceb5" title="org.dykman.dexter.descriptor.MetaDescriptor.end" alt="" coords="481,56,857,83">
<area shape="rect" href="$classorg_1_1dykman_1_1dexter_1_1descriptor_1_1MetaDescriptor.html#53485aad9ccb13a1d6398069b802b6c2" title="org.dykman.dexter.descriptor.MetaDescriptor.setMeta" alt="" coords="467,107,872,133">
<area shape="rect" href="$classorg_1_1dykman_1_1dexter_1_1descriptor_1_1PathDescriptor.html#5982eaa108e9b627e3080b32cca015e2" title="org.dykman.dexter.descriptor.PathDescriptor.valueTemplateParams" alt="" coords="921,56,1425,83">
<area shape="rect" href="$classorg_1_1dykman_1_1dexter_1_1dexterity_1_1MapAttributeDescriptor.html#78b52de049d62a19bdd822bf151ffd45" title="org.dykman.dexter.dexterity.MapAttributeDescriptor.attributes" alt="" coords="1501,5,1968,32">
<area shape="rect" href="$classorg_1_1dykman_1_1dexter_1_1dexterity_1_1ConditionalAttributeDescriptor.html#66f384922f77129480dcf0bead2fd19c" title="org.dykman.dexter.dexterity.ConditionalAttributeDescriptor.attributes" alt="" coords="1475,56,1995,83">
<area shape="rect" href="$classorg_1_1dykman_1_1dexter_1_1dexterity_1_1MapNodeDescriptor.html#a207042f52e66a78f4453777ff077c15" title="org.dykman.dexter.dexterity.MapNodeDescriptor.children" alt="" coords="1519,107,1951,133">
