<area shape="rect" href="$classorg_1_1dykman_1_1dexter_1_1didi_1_1AjaxAnchorEditor.html" title="{org.dykman.dexter.didi.AjaxAnchorEditor\n||+ edit()\l}" alt="" coords="5,716,320,799">
<area shape="rect" href="$classorg_1_1dykman_1_1dexter_1_1didi_1_1AjaxTargetEditor.html" title="{org.dykman.dexter.didi.AjaxTargetEditor\n|~ counter\l|+ edit()\l}" alt="" coords="344,716,653,799">
<area shape="rect" href="$classorg_1_1dykman_1_1dexter_1_1base_1_1AbstractDocumentEditor.html" title="{org.dykman.dexter.base.AbstractDocumentEditor\n|# properties\l# document\l# element\l# dexter\l# name\l# value\l|+ AbstractDocumentEditor()\l+ setPropertyResolver()\l+ setReference()\l+ setDexter()\l# getDexterAttribute()\l# getDexterAttribute()\l}" alt="" coords="143,191,519,447">
<area shape="rect" href="$interfaceorg_1_1dykman_1_1dexter_1_1base_1_1DocumentEditor.html" title="{org.dykman.dexter.base.DocumentEditor\n||+ setReference()\l+ edit()\l+ setPropertyResolver()\l+ setDexter()\l}" alt="" coords="172,5,489,141">
