<area shape="rect" href="$classorg_1_1dykman_1_1dexter_1_1Dexter.html#3ae64faa9563b902170100c16153216c" title="org.dykman.dexter.Dexter.loadTemplate" alt="" coords="424,31,736,57">
<area shape="rect" href="$classorg_1_1dykman_1_1dexter_1_1base_1_1XSLTDocSequencer.html#8fe10459e18d54450d057073006ff135" title="org.dykman.dexter.base.XSLTDocSequencer.callTemplateEvaluator" alt="" coords="785,31,1289,57">
<area shape="rect" href="$classorg_1_1dykman_1_1dexter_1_1base_1_1XSLTDocSequencer.html#1942b1a24a0f1ad56ddcd80794bb2647" title="org.dykman.dexter.base.XSLTDocSequencer.copyNodes" alt="" coords="1353,5,1777,32">
<area shape="rect" href="$classorg_1_1dykman_1_1dexter_1_1base_1_1XSLTDocSequencer.html#d71cba0825ffe17648a7bce3959d026e" title="org.dykman.dexter.base.XSLTDocSequencer.valueTemplate" alt="" coords="1340,56,1791,83">
<area shape="rect" href="$classorg_1_1dykman_1_1dexter_1_1base_1_1XSLTDocSequencer.html#2b916af0099481345c847059157cd0d2" title="org.dykman.dexter.base.XSLTDocSequencer.mapAttribute" alt="" coords="1840,31,2280,57">
<area shape="rect" href="$classorg_1_1dykman_1_1dexter_1_1base_1_1XSLTDocSequencer.html#afca6a4d91fdae44c206538ddd5f8bdc" title="org.dykman.dexter.base.XSLTDocSequencer.mapNode" alt="" coords="1852,81,2268,108">
