<area shape="rect" href="$classorg_1_1dykman_1_1dexter_1_1base_1_1XSLTDocSequencer.html#0757c06b99bfaafb0d8391087ceaeceb" title="org.dykman.dexter.base.XSLTDocSequencer.textContainer" alt="" coords="528,5,971,32">
<area shape="rect" href="$classorg_1_1dykman_1_1dexter_1_1base_1_1BaseTransformSequencer.html#8f7a45fe0ed3965331652a673304ae06" title="org.dykman.dexter.base.BaseTransformSequencer.translateXSLPath" alt="" coords="493,56,1005,83">
<area shape="rect" href="$interfaceorg_1_1dykman_1_1dexter_1_1base_1_1PathFunction.html#f21e7d1f725e0daf064300c0bd3c733a" title="org.dykman.dexter.base.PathFunction.apply" alt="" coords="1151,31,1487,57">
<area shape="rect" href="$classorg_1_1dykman_1_1dexter_1_1base_1_1BaseTransformSequencer.html#b92f3ede71470e51ad1f4e2148a45c60" title="org.dykman.dexter.base.BaseTransformSequencer.createPathFunction" alt="" coords="1055,81,1583,108">
<area shape="rect" href="$classorg_1_1dykman_1_1dexter_1_1Dexter.html#43050d0158edd1b6d068d6801f908e08" title="org.dykman.dexter.Dexter.getModules" alt="" coords="1688,56,1984,83">
<area shape="rect" href="$interfaceorg_1_1dykman_1_1dexter_1_1base_1_1PropertyResolver.html#3de06537c866ffc0907c7be72b56acaf" title="org.dykman.dexter.base.PropertyResolver.getProperty" alt="" coords="1632,107,2040,133">
