<area shape="rect" href="$classorg_1_1dykman_1_1dexter_1_1base_1_1XSLTDocSequencer.html#720e40aad7a495517de5a35777998dc6" title="org.dykman.dexter.base.XSLTDocSequencer.createStub" alt="" coords="519,5,943,32">
<area shape="rect" href="$classorg_1_1dykman_1_1dexter_1_1Dexter.html#42ada2706a595eaaca8efd7b49d98caa" title="org.dykman.dexter.Dexter.isPropigateComments" alt="" coords="545,56,916,83">
<area shape="rect" href="$classorg_1_1dykman_1_1dexter_1_1base_1_1XSLTDocSequencer.html#056bb243e34ed929bb1d9f6f3f152392" title="org.dykman.dexter.base.XSLTDocSequencer.translateEntityReference" alt="" coords="469,107,992,133">
<area shape="rect" href="$classorg_1_1dykman_1_1dexter_1_1Dexter.html#b4bdc3eb74de8dd3e3654e61abef3d2e" title="org.dykman.dexter.Dexter.getEntity" alt="" coords="1041,107,1316,133">
<area shape="rect" href="$interfaceorg_1_1dykman_1_1dexter_1_1base_1_1PropertyResolver.html#3de06537c866ffc0907c7be72b56acaf" title="org.dykman.dexter.base.PropertyResolver.getProperty" alt="" coords="1365,107,1773,133">
