<area shape="rect" href="$classorg_1_1dykman_1_1dexter_1_1didi_1_1JSParamDescriptor.html#a644aab460df4d79f12e24bf6b2fd376" title="org.dykman.dexter.didi.JSParamDescriptor.attributes" alt="" coords="557,5,955,32">
<area shape="rect" href="$classorg_1_1dykman_1_1dexter_1_1dexterity_1_1SubdocDescriptor.html#0124bd6e1d17ee03d1bf929c1e017d7c" title="org.dykman.dexter.dexterity.SubdocDescriptor.beforeNode" alt="" coords="533,56,979,83">
<area shape="rect" href="$classorg_1_1dykman_1_1dexter_1_1dexterity_1_1SelectDescriptor.html#1debcb3a5f5e29e0546b89a2a66dabc9" title="org.dykman.dexter.dexterity.SelectDescriptor.beforeNode" alt="" coords="539,107,973,133">
<area shape="rect" href="$classorg_1_1dykman_1_1dexter_1_1dexterity_1_1MapNodeDescriptor.html#a207042f52e66a78f4453777ff077c15" title="org.dykman.dexter.dexterity.MapNodeDescriptor.children" alt="" coords="540,157,972,184">
<area shape="rect" href="$classorg_1_1dykman_1_1dexter_1_1dexterity_1_1CopyNodeDescriptor.html#62696b7692a3b952831e5de10f90c340" title="org.dykman.dexter.dexterity.CopyNodeDescriptor.children" alt="" coords="537,208,975,235">
