<area shape="rect" href="$classorg_1_1dykman_1_1dexter_1_1DexterException.html" title="{org.dykman.dexter.DexterException\n|+ serialVersionUID\l|+ DexterException()\l+ DexterException()\l+ DexterException()\l+ DexterException()\l}" alt="" coords="405,139,685,275">
<area shape="rect" href="$classorg_1_1dykman_1_1dexter_1_1DexterHaltException.html" title="{org.dykman.dexter.DexterHaltException\n||+ DexterHaltException()\l+ DexterHaltException()\l+ DexterHaltException()\l+ DexterHaltException()\l}" alt="" coords="5,323,315,459">
<area shape="rect" href="$classorg_1_1dykman_1_1dexter_1_1dexterity_1_1DexteritySyntaxException.html" title="{org.dykman.dexter.dexterity.DexteritySyntaxException\n|+ serialVersionUID\l|+ DexteritySyntaxException()\l+ DexteritySyntaxException()\l+ DexteritySyntaxException()\l+ DexteritySyntaxException()\l}" alt="" coords="339,323,752,459">
<area shape="rect" href="$classorg_1_1dykman_1_1dexter_1_1DexteritySyntaxException.html" title="{org.dykman.dexter.DexteritySyntaxException\n|+ serialVersionUID\l|+ DexteritySyntaxException()\l+ DexteritySyntaxException()\l+ DexteritySyntaxException()\l+ DexteritySyntaxException()\l}" alt="" coords="776,323,1123,459">
