<area shape="rect" href="$classorg_1_1dykman_1_1dexter_1_1base_1_1XSLTDocSequencer.html#aeb147cb8492855ab7e8bcd7a2d4247c" title="org.dykman.dexter.base.XSLTDocSequencer.createIdentityValueTemplate" alt="" coords="500,5,1052,32">
<area shape="rect" href="$classorg_1_1dykman_1_1dexter_1_1base_1_1XSLTDocSequencer.html#74eff40f6f7dfcb76c14bae7494a6283" title="org.dykman.dexter.base.XSLTDocSequencer.mapAttribute" alt="" coords="556,56,996,83">
<area shape="rect" href="$classorg_1_1dykman_1_1dexter_1_1base_1_1XSLTDocSequencer.html#550828ffe9e6e5ef4d7f1a218113f67e" title="org.dykman.dexter.base.XSLTDocSequencer.processIdentityValueTemplate" alt="" coords="1103,5,1663,32">
<area shape="rect" href="$classorg_1_1dykman_1_1dexter_1_1base_1_1XSLTDocSequencer.html#3ce7c807bc3dd8a53fe2e55cb2060683" title="org.dykman.dexter.base.XSLTDocSequencer.setIdentityAttribute" alt="" coords="1712,5,2195,32">
<area shape="rect" href="$classorg_1_1dykman_1_1dexter_1_1base_1_1XSLTDocSequencer.html#c1324e403ba1b99127a606db6a1330f3" title="org.dykman.dexter.base.XSLTDocSequencer.setAttribute" alt="" coords="2244,5,2671,32">
