<area shape="rect" href="$classorg_1_1dykman_1_1dexter_1_1base_1_1XSLTDocSequencer.html#0a14a18548a6eaab6825466d00d54814" title="org.dykman.dexter.base.XSLTDocSequencer.createExternalTemplateCall" alt="" coords="487,31,1031,57">
<area shape="rect" href="$classorg_1_1dykman_1_1dexter_1_1base_1_1XSLTDocSequencer.html#720e40aad7a495517de5a35777998dc6" title="org.dykman.dexter.base.XSLTDocSequencer.createStub" alt="" coords="547,81,971,108">
<area shape="rect" href="$classorg_1_1dykman_1_1dexter_1_1base_1_1BaseTransformSequencer.html#efea3a8dd0847834a7e07f5cedfb2ea1" title="org.dykman.dexter.base.BaseTransformSequencer.translateXSLPath" alt="" coords="1080,31,1592,57">
<area shape="rect" href="$interfaceorg_1_1dykman_1_1dexter_1_1base_1_1PathFunction.html#f21e7d1f725e0daf064300c0bd3c733a" title="org.dykman.dexter.base.PathFunction.apply" alt="" coords="1689,5,2025,32">
<area shape="rect" href="$classorg_1_1dykman_1_1dexter_1_1descriptor_1_1CrossPathResolver.html#cd0d7b7c32ee7a27260913c163cb35c7" title="org.dykman.dexter.descriptor.CrossPathResolver.translate" alt="" coords="1640,56,2075,83">
