<area shape="rect" href="$classorg_1_1dykman_1_1dexter_1_1Dexter.html#f6c4cf5523ddffd7d9dfddcc31e144de" title="org.dykman.dexter.Dexter.blessTree" alt="" coords="412,69,692,96">
<area shape="rect" href="$classorg_1_1dykman_1_1dexter_1_1Dexter.html#078a928d45ba576765ac7e94d07dbf0a" title="org.dykman.dexter.Dexter.compileDescriptors" alt="" coords="377,132,727,159">
<area shape="rect" href="$classorg_1_1dykman_1_1dexter_1_1Dexter.html#e1811cc7ec48dd18507c63078d4fbcfd" title="org.dykman.dexter.Dexter.executeEditors" alt="" coords="393,220,711,247">
<area shape="rect" href="$classorg_1_1dykman_1_1dexter_1_1Dexter.html#4dc892a12882e8dc2618703b8ee204c0" title="org.dykman.dexter.Dexter.bless" alt="" coords="811,56,1059,83">
<area shape="rect" href="$classorg_1_1dykman_1_1dexter_1_1Dexter.html#7b0ca612a82dee0b5f77ffa618ae0884" title="org.dykman.dexter.Dexter.compileNode" alt="" coords="780,107,1089,133">
<area shape="rect" href="$classorg_1_1dykman_1_1dexter_1_1Dexter.html#9e2b50884e0980aa148b738a248dbef7" title="org.dykman.dexter.Dexter.scanForDescriptors" alt="" coords="1200,107,1547,133">
<area shape="rect" href="$classorg_1_1dykman_1_1dexter_1_1Dexter.html#895e53a52141f41cd4ea0718b6186480" title="org.dykman.dexter.Dexter.createSpecifier" alt="" coords="1655,132,1975,159">
<area shape="rect" href="$classorg_1_1dykman_1_1dexter_1_1Dexter.html#4a33529a63f1d09d97549d260a423942" title="org.dykman.dexter.Dexter.addSpecifier" alt="" coords="2095,5,2396,32">
<area shape="rect" href="$classorg_1_1dykman_1_1dexter_1_1Dexter.html#fcd6b8e856f27f75a571de8468a5d0f0" title="org.dykman.dexter.Dexter.findContiguousSiblings" alt="" coords="2057,56,2433,83">
<area shape="rect" href="$classorg_1_1dykman_1_1dexter_1_1AbstractNodeSpecifier.html#c1e0b9c323f7c7a397be53d9eec90b5c" title="org.dykman.dexter.AbstractNodeSpecifier.setArg" alt="" coords="2061,107,2429,133">
<area shape="rect" href="$classorg_1_1dykman_1_1dexter_1_1BlockTransformSpecifier.html#4fffce9d209f380bc7656086af6f4f92" title="org.dykman.dexter.BlockTransformSpecifier.setArgs" alt="" coords="2051,157,2440,184">
<area shape="rect" href="$classorg_1_1dykman_1_1dexter_1_1TransformSpecifier.html#88002f8bc37f2e806d05067b1d91d6fd" title="org.dykman.dexter.TransformSpecifier.setDexter" alt="" coords="2061,208,2429,235">
<area shape="rect" href="$classorg_1_1dykman_1_1dexter_1_1TransformSpecifier.html#4cb7939c5415cb6568abe0533432190b" title="org.dykman.dexter.TransformSpecifier.setPropertyResolver" alt="" coords="2024,259,2467,285">
<area shape="rect" href="$classorg_1_1dykman_1_1dexter_1_1Dexter.html#b950e932c46c7cb09e8a89baf6113751" title="org.dykman.dexter.Dexter.reportInternalError" alt="" coords="2516,56,2860,83">
<area shape="rect" href="$classorg_1_1dykman_1_1dexter_1_1Dexter.html#5a552bd40ca69b049334fef2375059f6" title="org.dykman.dexter.Dexter.scanForEditors" alt="" coords="777,259,1092,285">
<area shape="rect" href="$interfaceorg_1_1dykman_1_1dexter_1_1base_1_1DocumentEditor.html#b96b564bdfd09eca2319dea90fa5e60d" title="org.dykman.dexter.base.DocumentEditor.edit" alt="" coords="1200,208,1547,235">
<area shape="rect" href="$interfaceorg_1_1dykman_1_1dexter_1_1base_1_1DocumentEditor.html#28419ca620ddecf9c4d6a455c8c8730f" title="org.dykman.dexter.base.DocumentEditor.setDexter" alt="" coords="1179,259,1568,285">
<area shape="rect" href="$interfaceorg_1_1dykman_1_1dexter_1_1base_1_1DocumentEditor.html#893a59a6c653e07cba1eede7d35c85ef" title="org.dykman.dexter.base.DocumentEditor.setPropertyResolver" alt="" coords="1143,309,1604,336">
<area shape="rect" href="$interfaceorg_1_1dykman_1_1dexter_1_1base_1_1DocumentEditor.html#824c6a3acb2af7fd2cc0f6394db868d8" title="org.dykman.dexter.base.DocumentEditor.setReference" alt="" coords="1165,360,1581,387">
