<area shape="rect" href="$interfaceorg_1_1dykman_1_1dexter_1_1descriptor_1_1Descriptor.html#21c1b8f2661f1340b5b2c725f91dd135" title="org.dykman.dexter.descriptor.Descriptor.attributes" alt="" coords="593,5,975,32">
<area shape="rect" href="$interfaceorg_1_1dykman_1_1dexter_1_1descriptor_1_1Descriptor.html#d28ea66582d27d512a46a511e67a45ca" title="org.dykman.dexter.descriptor.Descriptor.children" alt="" coords="599,56,969,83">
<area shape="rect" href="$interfaceorg_1_1dykman_1_1dexter_1_1descriptor_1_1Descriptor.html#557acfef9115112bdcc6b9aa8d4f9ed5" title="org.dykman.dexter.descriptor.Descriptor.end" alt="" coords="615,107,953,133">
<area shape="rect" href="$interfaceorg_1_1dykman_1_1dexter_1_1descriptor_1_1Descriptor.html#bf5b7a1f3930e595d15d54e40ea586fe" title="org.dykman.dexter.descriptor.Descriptor.setTransformSequencer" alt="" coords="541,157,1027,184">
<area shape="rect" href="$interfaceorg_1_1dykman_1_1dexter_1_1descriptor_1_1Descriptor.html#78516dc451701ac0a088b5f7b3028464" title="org.dykman.dexter.descriptor.Descriptor.start" alt="" coords="612,208,956,235">
